<testsuites name="results">
  <testsuite name="all" package="all">
    <property name="random_seed" value="1752698506" />
    <testcase name="test_project_0d" classname="test" file="/home/salieri/Escritorio/Maestria/Proyectos/IZ_RG22DSPa/tt_um_IZ_RG_22/test/test.py" lineno="9" time="1.6874337196350098" sim_time_ns="1997500.001" ratio_time="1183750.1987527292" />
    <testcase name="test_project_8d" classname="test" file="/home/salieri/Escritorio/Maestria/Proyectos/IZ_RG22DSPa/tt_um_IZ_RG_22/test/test.py" lineno="100" time="0.36987924575805664" sim_time_ns="438800.00099999993" ratio_time="1186333.1236676776" />
    <testcase name="test_project_16d" classname="test" file="/home/salieri/Escritorio/Maestria/Proyectos/IZ_RG22DSPa/tt_um_IZ_RG_22/test/test.py" lineno="192" time="0.3686990737915039" sim_time_ns="438800.00100000016" ratio_time="1190130.4673418782" />
    <testcase name="test_project_24d" classname="test" file="/home/salieri/Escritorio/Maestria/Proyectos/IZ_RG22DSPa/tt_um_IZ_RG_22/test/test.py" lineno="283" time="0.7447006702423096" sim_time_ns="877600.0010000002" ratio_time="1178460.0659946338" />
  </testsuite>
</testsuites>
